// Jest Snapshot v1, https://goo.gl/fbAQLP

exports[`ProductCard should render the product card correctly 1`] = `
<View
  onBlur={[Function]}
  onClick={[Function]}
  onFocus={[Function]}
  onResponderGrant={[Function]}
  onResponderMove={[Function]}
  onResponderRelease={[Function]}
  onResponderTerminate={[Function]}
  onResponderTerminationRequest={[Function]}
  onStartShouldSetResponder={[Function]}
  style={
    {
      "backgroundColor": "hsla(0, 0%, 95%, 1)",
      "borderBottomColor": "hsla(0, 0%, 88%, 1)",
      "borderBottomLeftRadius": 9,
      "borderBottomRightRadius": 9,
      "borderBottomWidth": 1,
      "borderLeftColor": "hsla(0, 0%, 88%, 1)",
      "borderLeftWidth": 1,
      "borderRightColor": "hsla(0, 0%, 88%, 1)",
      "borderRightWidth": 1,
      "borderStyle": "solid",
      "borderTopColor": "hsla(0, 0%, 88%, 1)",
      "borderTopLeftRadius": 9,
      "borderTopRightRadius": 9,
      "borderTopWidth": 1,
      "flexDirection": "column",
      "marginBottom": 7,
      "marginTop": 7,
      "position": "relative",
      "shadowColor": "rgb(0,0,0)",
      "shadowOffset": {
        "height": 12,
        "width": 0,
      },
      "shadowOpacity": 0.0392156862745098,
      "shadowRadius": 24,
    }
  }
>
  <View
    style={
      {
        "backgroundColor": "transparent",
        "flexDirection": "column",
        "marginBottom": "auto",
        "paddingBottom": 18,
        "paddingLeft": 18,
        "paddingRight": 18,
        "paddingTop": 18,
        "zIndex": 10,
      }
    }
  >
    <Image
      source={
        {
          "uri": "https://test.com/image.jpg",
        }
      }
      style={
        {
          "flex": 1,
          "height": 200,
          "width": "100%",
        }
      }
    />
  </View>
  <View
    style={
      {
        "backgroundColor": "transparent",
        "flexDirection": "column",
        "marginBottom": 0,
        "marginTop": "auto",
        "paddingBottom": 18,
        "paddingLeft": 18,
        "paddingRight": 18,
        "paddingTop": 18,
        "zIndex": 5,
      }
    }
  >
    <Text
      numberOfLines={2}
      style={
        {
          "color": "hsla(0, 0%, 8%, 1)",
          "fontFamily": "System",
          "fontSize": 14,
          "fontWeight": "300",
          "letterSpacing": 0,
          "lineHeight": 24,
          "userSelect": "auto",
        }
      }
      suppressHighlighting={true}
    >
      Test Product
    </Text>
    <View
      style={[]}
    >
      <RNSVGSvgView
        align="xMidYMid"
        bbHeight={20}
        bbWidth={20}
        fill="hsl(50, 100%, 48.5%)"
        focusable={false}
        height={20}
        meetOrSlice={0}
        minX={0}
        minY={0}
        stroke="hsl(50, 100%, 48.5%)"
        strokeLinecap="round"
        strokeLinejoin="round"
        strokeWidth="2"
        style={
          [
            {
              "backgroundColor": "transparent",
              "borderWidth": 0,
            },
            {
              "color": "hsl(50, 100%, 48.5%)",
            },
            {
              "flex": 0,
              "height": 20,
              "width": 20,
            },
          ]
        }
        vbHeight={24}
        vbWidth={24}
        width={20}
      >
        <RNSVGGroup
          color="hsl(50, 100%, 48.5%)"
          fill={
            {
              "payload": 4294430208,
              "type": 0,
            }
          }
          propList={
            [
              "fill",
              "stroke",
              "strokeWidth",
              "strokeLinecap",
              "strokeLinejoin",
            ]
          }
          stroke={
            {
              "payload": 4294430208,
              "type": 0,
            }
          }
          strokeLinecap={1}
          strokeLinejoin={1}
          strokeWidth="2"
        >
          <RNSVGPath
            d="M12 2 15.09 8.26 22 9.27 17 14.14 18.18 21.02 12 17.77 5.82 21.02 7 14.14 2 9.27 8.91 8.26 12 2z"
            fill={
              {
                "payload": 4278190080,
                "type": 0,
              }
            }
            propList={
              [
                "stroke",
              ]
            }
            stroke={
              {
                "payload": 4294430208,
                "type": 0,
              }
            }
          />
        </RNSVGGroup>
      </RNSVGSvgView>
      <Text
        style={[]}
      >
        4.5
         (
        0
        )
      </Text>
    </View>
    <Text
      style={[]}
    >
      $99.99
    </Text>
  </View>
</View>
`;
